// Jest Snapshot v1, https://goo.gl/fbAQLP

exports[`HookApp should HookApp works 1`] = `
<div>
  <h1>
    Hola Mundo!
  </h1>
</div>
`;
